/home/frigobar123/IdeaProjects/ingsw2022-AM56/src/main/java/it/polimi/ingsw/Server/Model/Cloud.java
/home/frigobar123/IdeaProjects/ingsw2022-AM56/src/main/java/it/polimi/ingsw/Server/Model/Drunkard.java
/home/frigobar123/IdeaProjects/ingsw2022-AM56/src/main/java/it/polimi/ingsw/Server/Model/ActionPhase.java
/home/frigobar123/IdeaProjects/ingsw2022-AM56/src/main/java/it/polimi/ingsw/Server/Model/Cook.java
/home/frigobar123/IdeaProjects/ingsw2022-AM56/src/main/java/it/polimi/ingsw/Server/Model/School.java
/home/frigobar123/IdeaProjects/ingsw2022-AM56/src/main/java/it/polimi/ingsw/Server/Model/Knight.java
/home/frigobar123/IdeaProjects/ingsw2022-AM56/src/main/java/it/polimi/ingsw/Server/Model/AdvancedGame.java
/home/frigobar123/IdeaProjects/ingsw2022-AM56/src/main/java/it/polimi/ingsw/Server/Model/Phase.java
/home/frigobar123/IdeaProjects/ingsw2022-AM56/src/main/java/it/polimi/ingsw/Server/Model/Islands.java
/home/frigobar123/IdeaProjects/ingsw2022-AM56/src/main/java/it/polimi/ingsw/Server/Errors.java
/home/frigobar123/IdeaProjects/ingsw2022-AM56/src/main/java/it/polimi/ingsw/Server/Model/CharacterFactory.java
/home/frigobar123/IdeaProjects/ingsw2022-AM56/src/main/java/it/polimi/ingsw/Server/Model/Apothecary.java
/home/frigobar123/IdeaProjects/ingsw2022-AM56/src/main/java/it/polimi/ingsw/Server/Model/Player.java
/home/frigobar123/IdeaProjects/ingsw2022-AM56/src/main/java/it/polimi/ingsw/Server/Model/Herald.java
/home/frigobar123/IdeaProjects/ingsw2022-AM56/src/main/java/it/polimi/ingsw/Server/Model/Bard.java
/home/frigobar123/IdeaProjects/ingsw2022-AM56/src/main/java/it/polimi/ingsw/Server/Model/Thief.java
/home/frigobar123/IdeaProjects/ingsw2022-AM56/src/main/java/it/polimi/ingsw/Server/Model/Game.java
/home/frigobar123/IdeaProjects/ingsw2022-AM56/src/main/java/it/polimi/ingsw/Server/Model/Minotaur.java
/home/frigobar123/IdeaProjects/ingsw2022-AM56/src/main/java/it/polimi/ingsw/Server/Model/Island.java
/home/frigobar123/IdeaProjects/ingsw2022-AM56/src/main/java/it/polimi/ingsw/Server/Model/Color.java
/home/frigobar123/IdeaProjects/ingsw2022-AM56/src/main/java/it/polimi/ingsw/Server/Model/GameBoard.java
/home/frigobar123/IdeaProjects/ingsw2022-AM56/src/main/java/it/polimi/ingsw/Server/Model/RoundHandler.java
/home/frigobar123/IdeaProjects/ingsw2022-AM56/src/main/java/it/polimi/ingsw/Server/Model/Character.java
/home/frigobar123/IdeaProjects/ingsw2022-AM56/src/main/java/it/polimi/ingsw/Server/Model/Professors.java
/home/frigobar123/IdeaProjects/ingsw2022-AM56/src/main/java/it/polimi/ingsw/Server/Model/Cleric.java
/home/frigobar123/IdeaProjects/ingsw2022-AM56/src/main/java/it/polimi/ingsw/Server/Model/Postman.java
/home/frigobar123/IdeaProjects/ingsw2022-AM56/src/main/java/it/polimi/ingsw/Server/Model/Bag.java
/home/frigobar123/IdeaProjects/ingsw2022-AM56/src/main/java/it/polimi/ingsw/App.java
/home/frigobar123/IdeaProjects/ingsw2022-AM56/src/main/java/it/polimi/ingsw/Server/Model/Princess.java
/home/frigobar123/IdeaProjects/ingsw2022-AM56/src/main/java/it/polimi/ingsw/Server/Model/AdvancedPlayer.java
/home/frigobar123/IdeaProjects/ingsw2022-AM56/src/main/java/it/polimi/ingsw/Server/Model/GameInitializer.java
/home/frigobar123/IdeaProjects/ingsw2022-AM56/src/main/java/it/polimi/ingsw/Server/Model/Jester.java
/home/frigobar123/IdeaProjects/ingsw2022-AM56/src/main/java/it/polimi/ingsw/Server/Model/Assistant.java
