/home/frigobar123/IdeaProjects/ingsw2022-AM56/src/test/java/it/polimi/ingsw/Server/Model/GameBoardTest.java
/home/frigobar123/IdeaProjects/ingsw2022-AM56/src/test/java/it/polimi/ingsw/Server/Model/AdvancedPlayerTest.java
/home/frigobar123/IdeaProjects/ingsw2022-AM56/src/test/java/it/polimi/ingsw/Server/Model/ActionPhaseTest.java
/home/frigobar123/IdeaProjects/ingsw2022-AM56/src/test/java/it/polimi/ingsw/Server/Model/GameTest.java
/home/frigobar123/IdeaProjects/ingsw2022-AM56/src/test/java/it/polimi/ingsw/AppTest.java
/home/frigobar123/IdeaProjects/ingsw2022-AM56/src/test/java/it/polimi/ingsw/Server/Model/ColorTest.java
/home/frigobar123/IdeaProjects/ingsw2022-AM56/src/test/java/it/polimi/ingsw/Server/Model/ProfessorsTest.java
/home/frigobar123/IdeaProjects/ingsw2022-AM56/src/test/java/it/polimi/ingsw/Server/Model/RoundHandlerTest.java
/home/frigobar123/IdeaProjects/ingsw2022-AM56/src/test/java/it/polimi/ingsw/Server/Model/SchoolTest.java
/home/frigobar123/IdeaProjects/ingsw2022-AM56/src/test/java/it/polimi/ingsw/Server/Model/GameInitializerTest.java
/home/frigobar123/IdeaProjects/ingsw2022-AM56/src/test/java/it/polimi/ingsw/Server/Model/AdvancedGameTest.java
/home/frigobar123/IdeaProjects/ingsw2022-AM56/src/test/java/it/polimi/ingsw/Server/Model/PlayerTest.java
/home/frigobar123/IdeaProjects/ingsw2022-AM56/src/test/java/it/polimi/ingsw/Server/Model/IslandsTest.java
/home/frigobar123/IdeaProjects/ingsw2022-AM56/src/test/java/it/polimi/ingsw/Server/Model/AssistantTest.java
/home/frigobar123/IdeaProjects/ingsw2022-AM56/src/test/java/it/polimi/ingsw/Server/Model/CloudTest.java
/home/frigobar123/IdeaProjects/ingsw2022-AM56/src/test/java/it/polimi/ingsw/Server/Model/IslandTest.java
/home/frigobar123/IdeaProjects/ingsw2022-AM56/src/test/java/it/polimi/ingsw/Server/Model/PhaseTest.java
/home/frigobar123/IdeaProjects/ingsw2022-AM56/src/test/java/it/polimi/ingsw/Server/Model/BagTest.java
/home/frigobar123/IdeaProjects/ingsw2022-AM56/src/test/java/it/polimi/ingsw/Server/Model/CharacterTest.java
